

   CROSS LINKER        V11-L08   (2507)  XLNK-V           LINKAGE LIST                    Thu 15-Apr-2021 11:52:16       PAGE-0001


					+--------------------+
					|  Option File List  |
					+--------------------+

   1	  ;-------------------------------+                       
   2	  ;       RAM Area                |
   3	  ;-------------------------------+                       
   4	  /ADDR=8000                      
   5	  /SECT=D_*|COMM          (data   =_DATA)
   6	  /SECT=B_*|COMM          (bss    =_BSS)
   7	  /SECT=_STACK                    
   8	  ;-------------------------------+                       
   9	  ;       ROM Area                |
  10	  ;-------------------------------+                       
  11	  /ADDR=0                 
  12	  /SECT=C_*|CODE                  
  13	  /SECT=I_*                       
  14	  ;-------------------------------+                       
  15	  ;       init data section       +       
  16	  ;-------------------------------+                       
  17	  /init_section = _INIT_DATA      (_DATA)         
  18	  ;-------------------------------+                       
  19	  ;       linkage module          |
  20	  ;-------------------------------+                       
  21	  /Name=AKI_80
  22	  /modl=startup
  23	  /modl=main
  24	  /modl=app_lib
  25	  /slib=c:\akiz80\lib\z80\cs\csze1.xlb
  26	  /Module=common.xao
  27	  /Module=interrupt.xao
  28	  /Module=isr.xao
  29	  /Module=lib.xao


  File Name
  ---------
  C:\Git\TOSHIB~1\AKI-80\AKI_80.xls

  Mpu Name  Version
  --------  --------
       Z80  0702





					+---------------------+
					|  Module Information |
					+---------------------+

Module Name      Mode   Text Size  File                                         Creation Date      Creator              Mpu Name
---------------- ------ ---------  ----                                         ----------------   -------              --------
STARTUP          Om     000000051  startup.xao                                  21-04-15(11:52:16) XASS-V V10-L33 5405  Z80
main             Om     000000061  main.xao                                     21-04-15(11:52:15) xcc-v V10.07  5a12   Z80


   CROSS LINKER        V11-L08   (2507)  XLNK-V           LINKAGE LIST                    Thu 15-Apr-2021 11:52:16       PAGE-0002


Module Name      Mode   Text Size  File                                         Creation Date      Creator              Mpu Name
---------------- ------ ---------  ----                                         ----------------   -------              --------
app_lib          Om     000000087  app_lib.xao                                  21-04-15(11:52:13) xcc-v V10.07  5a12   Z80
common           Om     000000000  common.xao                                   21-04-15(11:52:13) xcc-v V10.07  5a12   Z80
interrupt        Om     000000000  interrupt.xao                                21-04-15(11:52:14) xcc-v V10.07  5a12   Z80
isr              Om     000000024  isr.xao                                      21-04-15(11:52:14) xcc-v V10.07  5a12   Z80
lib              Om     000000000  lib.xao                                      21-04-15(11:52:15) xcc-v V10.07  5a12   Z80


   CROSS LINKER        V11-L08   (2507)  XLNK-V           LINKAGE LIST                    Thu 15-Apr-2021 11:52:16       PAGE-0003


					+-----------------------+
					|  Linkage Information  |
					+-----------------------+

Unit Name         Section Name     Sec.Type Mode  Location(Byte)    Size        Location(Word)    Size      
----------------  ---------------- -------- ----  ----------------- ----------  ----------------- ----------
STARTUP           C_START          Code     Rel   00000000/00000032 (00000051)  00000000/00000032 (00000051)
main              C_MAIN           Code     Rel   00000033/0000006f (00000061)  00000033/0000006f (00000061)
app_lib           C_APP_LIB        Code     Rel   00000070/000000c6 (00000087)  00000070/000000c6 (00000087)
common            C_COMMON         Code     Rel   000000c7/000000c7 (00000000)  000000c7/000000c7 (00000000)
interrupt         C_INTERRUPT      Code     Rel   000000c7/000000c7 (00000000)  000000c7/000000c7 (00000000)
isr               C_ISR            Code     Rel   000000c7/000000de (00000024)  000000c7/000000de (00000024)
STARTUP           _INIT_DATA       Common   Rel   000000df/000000df (00000000)  000000df/000000df (00000000)
                  _INIT_DATA       Common   Rel   000000df/000000e0 (00000002)  000000df/000000e0 (00000002)
lib               C_LIB            Code     Rel   000000df/000000df (00000000)  000000df/000000df (00000000)
STARTUP           _INIT_DATA       Common   Rel   000000e1/000000f0 (00000016)  000000e1/000000f0 (00000016)
                  D_DATA           Common   Rel   00008000/00008001 (00000002)  00008000/00008001 (00000002)
main              D_MAIN           Common   Rel   00008002/00008011 (00000016)  00008002/00008011 (00000016)
STARTUP           _STACK           Stack    Rel   00008012/00008111 (00000256)  00008012/00008111 (00000256)



Linked Module    Mode     File
---------------- ------   ----
AKI_80           Abs_lm   AKI_80.xlo


   CROSS LINKER        V11-L08   (2507)  XLNK-V           LINKAGE LIST                    Thu 15-Apr-2021 11:52:16       PAGE-0004


					+-------------------------+
					|  Global Reference List  |
					+-------------------------+

No   Unit Name   Global.Symbol    Location   External Information (Unit.no/Location)      
---- ----------- ---------------- --------   -----------------------------------------    
0001 STARTUP     _ERRNO           00008000   
0002 app_lib     _LIB_MEMSET      00000072   0007(0000003f) 0007(00000050) 
                 _NOP             00000070   0007(00000062) 0005(000000ce) 0005(000000d1) 0005(000000d4) 
0003 common      
0004 interrupt   
0005 isr         _EXT_INT_ISR     000000c7   
0006 lib         
0007 main        _G_RXBUF         0000800a   
                 _G_TXBUF         00008002   
                 _MAIN            00000056   0001(0000002f) 


